  main.cpp
C:\Users\drago\source\repos\Full-Evil-Conquest\Player.h(27,24): warning C4244: '=': conversion from 'double' to 'int', possible loss of data
  (compiling source file 'main.cpp')
  
C:\Users\drago\source\repos\Full-Evil-Conquest\Enemy.h(27,24): warning C4244: '=': conversion from 'double' to 'int', possible loss of data
  (compiling source file 'main.cpp')
  
C:\Users\drago\source\repos\Full-Evil-Conquest\main.cpp(65,20): warning C4244: '=': conversion from 'double' to 'int', possible loss of data
C:\Users\drago\source\repos\Full-Evil-Conquest\main.cpp(79,18): warning C4244: '=': conversion from 'double' to 'int', possible loss of data
C:\Users\drago\source\repos\Full-Evil-Conquest\main.cpp(80,19): warning C4244: '=': conversion from 'double' to 'int', possible loss of data
C:\Users\drago\source\repos\Full-Evil-Conquest\main.cpp(81,19): warning C4244: '=': conversion from 'double' to 'int', possible loss of data
C:\Users\drago\source\repos\Full-Evil-Conquest\main.cpp(82,21): warning C4244: '=': conversion from 'double' to 'int', possible loss of data
C:\Users\drago\source\repos\Full-Evil-Conquest\main.cpp(175,21): warning C4244: '=': conversion from 'double' to 'int', possible loss of data
C:\Users\drago\source\repos\Full-Evil-Conquest\main.cpp(189,19): warning C4244: '=': conversion from 'double' to 'int', possible loss of data
C:\Users\drago\source\repos\Full-Evil-Conquest\main.cpp(190,20): warning C4244: '=': conversion from 'double' to 'int', possible loss of data
C:\Users\drago\source\repos\Full-Evil-Conquest\main.cpp(191,20): warning C4244: '=': conversion from 'double' to 'int', possible loss of data
C:\Users\drago\source\repos\Full-Evil-Conquest\main.cpp(192,22): warning C4244: '=': conversion from 'double' to 'int', possible loss of data
C:\Users\drago\source\repos\Full-Evil-Conquest\main.cpp(285,21): warning C4244: '=': conversion from 'double' to 'int', possible loss of data
C:\Users\drago\source\repos\Full-Evil-Conquest\main.cpp(299,19): warning C4244: '=': conversion from 'double' to 'int', possible loss of data
C:\Users\drago\source\repos\Full-Evil-Conquest\main.cpp(300,20): warning C4244: '=': conversion from 'double' to 'int', possible loss of data
C:\Users\drago\source\repos\Full-Evil-Conquest\main.cpp(301,20): warning C4244: '=': conversion from 'double' to 'int', possible loss of data
C:\Users\drago\source\repos\Full-Evil-Conquest\main.cpp(302,22): warning C4244: '=': conversion from 'double' to 'int', possible loss of data
C:\Users\drago\source\repos\Full-Evil-Conquest\main.cpp(395,21): warning C4244: '=': conversion from 'double' to 'int', possible loss of data
C:\Users\drago\source\repos\Full-Evil-Conquest\main.cpp(409,19): warning C4244: '=': conversion from 'double' to 'int', possible loss of data
C:\Users\drago\source\repos\Full-Evil-Conquest\main.cpp(410,20): warning C4244: '=': conversion from 'double' to 'int', possible loss of data
C:\Users\drago\source\repos\Full-Evil-Conquest\main.cpp(411,20): warning C4244: '=': conversion from 'double' to 'int', possible loss of data
C:\Users\drago\source\repos\Full-Evil-Conquest\main.cpp(412,22): warning C4244: '=': conversion from 'double' to 'int', possible loss of data
C:\Users\drago\source\repos\Full-Evil-Conquest\main.cpp(505,21): warning C4244: '=': conversion from 'double' to 'int', possible loss of data
C:\Users\drago\source\repos\Full-Evil-Conquest\main.cpp(519,19): warning C4244: '=': conversion from 'double' to 'int', possible loss of data
C:\Users\drago\source\repos\Full-Evil-Conquest\main.cpp(520,20): warning C4244: '=': conversion from 'double' to 'int', possible loss of data
C:\Users\drago\source\repos\Full-Evil-Conquest\main.cpp(521,20): warning C4244: '=': conversion from 'double' to 'int', possible loss of data
C:\Users\drago\source\repos\Full-Evil-Conquest\main.cpp(522,22): warning C4244: '=': conversion from 'double' to 'int', possible loss of data
C:\Users\drago\source\repos\Full-Evil-Conquest\main.cpp(1060,33): warning C4244: '+=': conversion from 'double' to 'int', possible loss of data
C:\Users\drago\source\repos\Full-Evil-Conquest\main.cpp(1061,29): warning C4244: '+=': conversion from 'double' to 'int', possible loss of data
C:\Users\drago\source\repos\Full-Evil-Conquest\main.cpp(1064,33): warning C4244: '+=': conversion from 'double' to 'int', possible loss of data
C:\Users\drago\source\repos\Full-Evil-Conquest\main.cpp(1067,31): warning C4244: '+=': conversion from 'double' to 'int', possible loss of data
C:\Users\drago\source\repos\Full-Evil-Conquest\main.cpp(1068,29): warning C4244: '+=': conversion from 'double' to 'int', possible loss of data
C:\Users\drago\source\repos\Full-Evil-Conquest\main.cpp(1071,33): warning C4244: '+=': conversion from 'double' to 'int', possible loss of data
C:\Users\drago\source\repos\Full-Evil-Conquest\main.cpp(1072,31): warning C4244: '+=': conversion from 'double' to 'int', possible loss of data
C:\Users\drago\source\repos\Full-Evil-Conquest\main.cpp(1086,30): warning C4244: '+=': conversion from 'double' to 'int', possible loss of data
C:\Users\drago\source\repos\Full-Evil-Conquest\main.cpp(1249,24): warning C4553: '==': result of expression not used; did you intend '='?
C:\Users\drago\source\repos\Full-Evil-Conquest\main.cpp(1254,21): warning C4553: '==': result of expression not used; did you intend '='?
C:\Users\drago\source\repos\Full-Evil-Conquest\main.cpp(1835,33): warning C4244: '+=': conversion from 'double' to 'int', possible loss of data
C:\Users\drago\source\repos\Full-Evil-Conquest\main.cpp(1836,29): warning C4244: '+=': conversion from 'double' to 'int', possible loss of data
C:\Users\drago\source\repos\Full-Evil-Conquest\main.cpp(1839,33): warning C4244: '+=': conversion from 'double' to 'int', possible loss of data
C:\Users\drago\source\repos\Full-Evil-Conquest\main.cpp(1842,31): warning C4244: '+=': conversion from 'double' to 'int', possible loss of data
C:\Users\drago\source\repos\Full-Evil-Conquest\main.cpp(1843,29): warning C4244: '+=': conversion from 'double' to 'int', possible loss of data
C:\Users\drago\source\repos\Full-Evil-Conquest\main.cpp(1846,33): warning C4244: '+=': conversion from 'double' to 'int', possible loss of data
C:\Users\drago\source\repos\Full-Evil-Conquest\main.cpp(1847,31): warning C4244: '+=': conversion from 'double' to 'int', possible loss of data
C:\Users\drago\source\repos\Full-Evil-Conquest\main.cpp(1861,30): warning C4244: '+=': conversion from 'double' to 'int', possible loss of data
  Generating code
  0 of 261 functions ( 0.0%) were compiled, the rest were copied from previous compilation.
    0 functions were new in current compilation
    0 functions had inline decision re-evaluated but remain unchanged
  Finished generating code
  Full-Evil-Conquest.vcxproj -> C:\Users\drago\source\repos\Full-Evil-Conquest\x64\Release\Full-Evil-Conquest.exe
