  Player.cpp
C:\Users\drago\source\repos\Full-Evil-Conquest\Enemy.h(22,24): warning C4244: '=': conversion from 'double' to 'int', possible loss of data
  (compiling source file 'Player.cpp')
  
C:\Users\drago\source\repos\Full-Evil-Conquest\Player.h(23,24): warning C4244: '=': conversion from 'double' to 'int', possible loss of data
  (compiling source file 'Player.cpp')
  
C:\Users\drago\source\repos\Full-Evil-Conquest\Player.cpp(1087,35): warning C4244: '+=': conversion from 'double' to 'int', possible loss of data
C:\Users\drago\source\repos\Full-Evil-Conquest\Player.cpp(1090,35): warning C4244: '+=': conversion from 'double' to 'int', possible loss of data
C:\Users\drago\source\repos\Full-Evil-Conquest\Player.cpp(1135,28): warning C4244: '+=': conversion from 'double' to 'int', possible loss of data
C:\Users\drago\source\repos\Full-Evil-Conquest\Player.cpp(1285,44): warning C4244: '+=': conversion from 'double' to 'int', possible loss of data
C:\Users\drago\source\repos\Full-Evil-Conquest\Player.cpp(1308,42): warning C4244: '+=': conversion from 'double' to 'int', possible loss of data
C:\Users\drago\source\repos\Full-Evil-Conquest\Player.cpp(1370,45): warning C4244: '+=': conversion from 'double' to 'int', possible loss of data
C:\Users\drago\source\repos\Full-Evil-Conquest\Player.cpp(1667,75): warning C4244: '=': conversion from 'double' to 'int', possible loss of data
C:\Users\drago\source\repos\Full-Evil-Conquest\Player.cpp(1678,39): warning C4244: '+=': conversion from 'double' to 'int', possible loss of data
C:\Users\drago\source\repos\Full-Evil-Conquest\Player.cpp(1682,34): warning C4244: '+=': conversion from 'double' to 'int', possible loss of data
C:\Users\drago\source\repos\Full-Evil-Conquest\Player.cpp(1691,29): warning C4244: '+=': conversion from 'double' to 'int', possible loss of data
C:\Users\drago\source\repos\Full-Evil-Conquest\Player.cpp(1732,75): warning C4244: '=': conversion from 'double' to 'int', possible loss of data
C:\Users\drago\source\repos\Full-Evil-Conquest\Player.cpp(1743,39): warning C4244: '+=': conversion from 'double' to 'int', possible loss of data
C:\Users\drago\source\repos\Full-Evil-Conquest\Player.cpp(1747,34): warning C4244: '+=': conversion from 'double' to 'int', possible loss of data
C:\Users\drago\source\repos\Full-Evil-Conquest\Player.cpp(1756,29): warning C4244: '+=': conversion from 'double' to 'int', possible loss of data
C:\Users\drago\source\repos\Full-Evil-Conquest\Player.cpp(1805,73): warning C4244: '=': conversion from 'double' to 'int', possible loss of data
C:\Users\drago\source\repos\Full-Evil-Conquest\Player.cpp(1816,39): warning C4244: '+=': conversion from 'double' to 'int', possible loss of data
C:\Users\drago\source\repos\Full-Evil-Conquest\Player.cpp(1820,34): warning C4244: '+=': conversion from 'double' to 'int', possible loss of data
C:\Users\drago\source\repos\Full-Evil-Conquest\Player.cpp(1829,29): warning C4244: '+=': conversion from 'double' to 'int', possible loss of data
C:\Users\drago\source\repos\Full-Evil-Conquest\Player.cpp(1840,21): warning C4244: '=': conversion from 'double' to 'int', possible loss of data
C:\Users\drago\source\repos\Full-Evil-Conquest\Player.cpp(1856,73): warning C4244: '=': conversion from 'double' to 'int', possible loss of data
C:\Users\drago\source\repos\Full-Evil-Conquest\Player.cpp(1867,39): warning C4244: '+=': conversion from 'double' to 'int', possible loss of data
C:\Users\drago\source\repos\Full-Evil-Conquest\Player.cpp(1871,34): warning C4244: '+=': conversion from 'double' to 'int', possible loss of data
C:\Users\drago\source\repos\Full-Evil-Conquest\Player.cpp(1880,29): warning C4244: '+=': conversion from 'double' to 'int', possible loss of data
C:\Users\drago\source\repos\Full-Evil-Conquest\Player.cpp(1891,21): warning C4244: '=': conversion from 'double' to 'int', possible loss of data
C:\Users\drago\source\repos\Full-Evil-Conquest\Player.cpp(1915,73): warning C4244: '=': conversion from 'double' to 'int', possible loss of data
C:\Users\drago\source\repos\Full-Evil-Conquest\Player.cpp(1926,39): warning C4244: '+=': conversion from 'double' to 'int', possible loss of data
C:\Users\drago\source\repos\Full-Evil-Conquest\Player.cpp(1930,34): warning C4244: '+=': conversion from 'double' to 'int', possible loss of data
C:\Users\drago\source\repos\Full-Evil-Conquest\Player.cpp(1939,29): warning C4244: '+=': conversion from 'double' to 'int', possible loss of data
C:\Users\drago\source\repos\Full-Evil-Conquest\Player.cpp(1980,73): warning C4244: '=': conversion from 'double' to 'int', possible loss of data
C:\Users\drago\source\repos\Full-Evil-Conquest\Player.cpp(1991,39): warning C4244: '+=': conversion from 'double' to 'int', possible loss of data
C:\Users\drago\source\repos\Full-Evil-Conquest\Player.cpp(1995,34): warning C4244: '+=': conversion from 'double' to 'int', possible loss of data
C:\Users\drago\source\repos\Full-Evil-Conquest\Player.cpp(2004,29): warning C4244: '+=': conversion from 'double' to 'int', possible loss of data
C:\Users\drago\source\repos\Full-Evil-Conquest\Player.cpp(2063,29): warning C4244: '=': conversion from 'double' to 'int', possible loss of data
C:\Users\drago\source\repos\Full-Evil-Conquest\Player.cpp(2074,39): warning C4244: '+=': conversion from 'double' to 'int', possible loss of data
C:\Users\drago\source\repos\Full-Evil-Conquest\Player.cpp(2078,34): warning C4244: '+=': conversion from 'double' to 'int', possible loss of data
C:\Users\drago\source\repos\Full-Evil-Conquest\Player.cpp(2087,29): warning C4244: '+=': conversion from 'double' to 'int', possible loss of data
C:\Users\drago\source\repos\Full-Evil-Conquest\Player.cpp(2111,29): warning C4244: '=': conversion from 'double' to 'int', possible loss of data
C:\Users\drago\source\repos\Full-Evil-Conquest\Player.cpp(2122,39): warning C4244: '+=': conversion from 'double' to 'int', possible loss of data
C:\Users\drago\source\repos\Full-Evil-Conquest\Player.cpp(2126,34): warning C4244: '+=': conversion from 'double' to 'int', possible loss of data
C:\Users\drago\source\repos\Full-Evil-Conquest\Player.cpp(2135,29): warning C4244: '+=': conversion from 'double' to 'int', possible loss of data
C:\Users\drago\source\repos\Full-Evil-Conquest\Player.cpp(2174,73): warning C4244: '=': conversion from 'double' to 'int', possible loss of data
C:\Users\drago\source\repos\Full-Evil-Conquest\Player.cpp(2185,39): warning C4244: '+=': conversion from 'double' to 'int', possible loss of data
C:\Users\drago\source\repos\Full-Evil-Conquest\Player.cpp(2189,34): warning C4244: '+=': conversion from 'double' to 'int', possible loss of data
C:\Users\drago\source\repos\Full-Evil-Conquest\Player.cpp(2198,29): warning C4244: '+=': conversion from 'double' to 'int', possible loss of data
C:\Users\drago\source\repos\Full-Evil-Conquest\Player.cpp(2209,21): warning C4244: '=': conversion from 'double' to 'int', possible loss of data
C:\Users\drago\source\repos\Full-Evil-Conquest\Player.cpp(2226,73): warning C4244: '=': conversion from 'double' to 'int', possible loss of data
C:\Users\drago\source\repos\Full-Evil-Conquest\Player.cpp(2237,39): warning C4244: '+=': conversion from 'double' to 'int', possible loss of data
C:\Users\drago\source\repos\Full-Evil-Conquest\Player.cpp(2241,34): warning C4244: '+=': conversion from 'double' to 'int', possible loss of data
C:\Users\drago\source\repos\Full-Evil-Conquest\Player.cpp(2250,29): warning C4244: '+=': conversion from 'double' to 'int', possible loss of data
C:\Users\drago\source\repos\Full-Evil-Conquest\Player.cpp(2261,21): warning C4244: '=': conversion from 'double' to 'int', possible loss of data
C:\Users\drago\source\repos\Full-Evil-Conquest\Player.cpp(2296,77): warning C4244: '=': conversion from 'double' to 'int', possible loss of data
C:\Users\drago\source\repos\Full-Evil-Conquest\Player.cpp(2300,29): warning C4244: '=': conversion from 'double' to 'int', possible loss of data
C:\Users\drago\source\repos\Full-Evil-Conquest\Player.cpp(2312,43): warning C4244: '+=': conversion from 'double' to 'int', possible loss of data
C:\Users\drago\source\repos\Full-Evil-Conquest\Player.cpp(2316,38): warning C4244: '+=': conversion from 'double' to 'int', possible loss of data
C:\Users\drago\source\repos\Full-Evil-Conquest\Player.cpp(2325,33): warning C4244: '+=': conversion from 'double' to 'int', possible loss of data
C:\Users\drago\source\repos\Full-Evil-Conquest\Player.cpp(2343,77): warning C4244: '=': conversion from 'double' to 'int', possible loss of data
C:\Users\drago\source\repos\Full-Evil-Conquest\Player.cpp(2347,29): warning C4244: '=': conversion from 'double' to 'int', possible loss of data
C:\Users\drago\source\repos\Full-Evil-Conquest\Player.cpp(2359,43): warning C4244: '+=': conversion from 'double' to 'int', possible loss of data
C:\Users\drago\source\repos\Full-Evil-Conquest\Player.cpp(2363,38): warning C4244: '+=': conversion from 'double' to 'int', possible loss of data
C:\Users\drago\source\repos\Full-Evil-Conquest\Player.cpp(2372,33): warning C4244: '+=': conversion from 'double' to 'int', possible loss of data
C:\Users\drago\source\repos\Full-Evil-Conquest\Player.cpp(2400,25): warning C4244: '=': conversion from 'double' to 'int', possible loss of data
C:\Users\drago\source\repos\Full-Evil-Conquest\Player.cpp(2425,29): warning C4244: '+=': conversion from 'double' to 'int', possible loss of data
C:\Users\drago\source\repos\Full-Evil-Conquest\Player.cpp(2437,27): warning C4244: '-=': conversion from 'double' to 'int', possible loss of data
C:\Users\drago\source\repos\Full-Evil-Conquest\Player.cpp(2454,39): warning C4244: '+=': conversion from 'double' to 'int', possible loss of data
C:\Users\drago\source\repos\Full-Evil-Conquest\Player.cpp(2463,29): warning C4244: '+=': conversion from 'double' to 'int', possible loss of data
C:\Users\drago\source\repos\Full-Evil-Conquest\Player.cpp(2478,73): warning C4244: '=': conversion from 'double' to 'int', possible loss of data
C:\Users\drago\source\repos\Full-Evil-Conquest\Player.cpp(2482,25): warning C4244: '=': conversion from 'double' to 'int', possible loss of data
C:\Users\drago\source\repos\Full-Evil-Conquest\Player.cpp(2494,39): warning C4244: '+=': conversion from 'double' to 'int', possible loss of data
C:\Users\drago\source\repos\Full-Evil-Conquest\Player.cpp(2498,34): warning C4244: '+=': conversion from 'double' to 'int', possible loss of data
C:\Users\drago\source\repos\Full-Evil-Conquest\Player.cpp(2507,29): warning C4244: '+=': conversion from 'double' to 'int', possible loss of data
C:\Users\drago\source\repos\Full-Evil-Conquest\Player.cpp(2525,30): warning C4244: '=': conversion from 'double' to 'int', possible loss of data
C:\Users\drago\source\repos\Full-Evil-Conquest\Player.cpp(2529,25): warning C4244: '=': conversion from 'double' to 'int', possible loss of data
C:\Users\drago\source\repos\Full-Evil-Conquest\Player.cpp(2540,39): warning C4244: '+=': conversion from 'double' to 'int', possible loss of data
C:\Users\drago\source\repos\Full-Evil-Conquest\Player.cpp(2544,34): warning C4244: '+=': conversion from 'double' to 'int', possible loss of data
C:\Users\drago\source\repos\Full-Evil-Conquest\Player.cpp(2553,29): warning C4244: '+=': conversion from 'double' to 'int', possible loss of data
C:\Users\drago\source\repos\Full-Evil-Conquest\Player.cpp(2563,19): warning C4244: '=': conversion from 'double' to 'int', possible loss of data
C:\Users\drago\source\repos\Full-Evil-Conquest\Player.cpp(2571,74): warning C4244: '=': conversion from 'double' to 'int', possible loss of data
C:\Users\drago\source\repos\Full-Evil-Conquest\Player.cpp(2575,25): warning C4244: '=': conversion from 'double' to 'int', possible loss of data
C:\Users\drago\source\repos\Full-Evil-Conquest\Player.cpp(2587,39): warning C4244: '+=': conversion from 'double' to 'int', possible loss of data
C:\Users\drago\source\repos\Full-Evil-Conquest\Player.cpp(2591,34): warning C4244: '+=': conversion from 'double' to 'int', possible loss of data
C:\Users\drago\source\repos\Full-Evil-Conquest\Player.cpp(2600,29): warning C4244: '+=': conversion from 'double' to 'int', possible loss of data
C:\Users\drago\source\repos\Full-Evil-Conquest\Player.cpp(2610,21): warning C4244: '=': conversion from 'double' to 'int', possible loss of data
  main.cpp
C:\Users\drago\source\repos\Full-Evil-Conquest\Enemy.h(22,24): warning C4244: '=': conversion from 'double' to 'int', possible loss of data
  (compiling source file 'main.cpp')
  
C:\Users\drago\source\repos\Full-Evil-Conquest\Player.h(23,24): warning C4244: '=': conversion from 'double' to 'int', possible loss of data
  (compiling source file 'main.cpp')
  
C:\Users\drago\source\repos\Full-Evil-Conquest\main.cpp(10,18): warning C4244: '=': conversion from 'double' to 'int', possible loss of data
C:\Users\drago\source\repos\Full-Evil-Conquest\main.cpp(57,20): warning C4244: '=': conversion from 'double' to 'int', possible loss of data
C:\Users\drago\source\repos\Full-Evil-Conquest\main.cpp(68,18): warning C4244: '=': conversion from 'double' to 'int', possible loss of data
C:\Users\drago\source\repos\Full-Evil-Conquest\main.cpp(69,19): warning C4244: '=': conversion from 'double' to 'int', possible loss of data
C:\Users\drago\source\repos\Full-Evil-Conquest\main.cpp(70,19): warning C4244: '=': conversion from 'double' to 'int', possible loss of data
C:\Users\drago\source\repos\Full-Evil-Conquest\main.cpp(71,21): warning C4244: '=': conversion from 'double' to 'int', possible loss of data
C:\Users\drago\source\repos\Full-Evil-Conquest\main.cpp(169,21): warning C4244: '=': conversion from 'double' to 'int', possible loss of data
C:\Users\drago\source\repos\Full-Evil-Conquest\main.cpp(180,19): warning C4244: '=': conversion from 'double' to 'int', possible loss of data
C:\Users\drago\source\repos\Full-Evil-Conquest\main.cpp(181,20): warning C4244: '=': conversion from 'double' to 'int', possible loss of data
C:\Users\drago\source\repos\Full-Evil-Conquest\main.cpp(182,20): warning C4244: '=': conversion from 'double' to 'int', possible loss of data
C:\Users\drago\source\repos\Full-Evil-Conquest\main.cpp(183,22): warning C4244: '=': conversion from 'double' to 'int', possible loss of data
C:\Users\drago\source\repos\Full-Evil-Conquest\main.cpp(281,21): warning C4244: '=': conversion from 'double' to 'int', possible loss of data
C:\Users\drago\source\repos\Full-Evil-Conquest\main.cpp(292,19): warning C4244: '=': conversion from 'double' to 'int', possible loss of data
C:\Users\drago\source\repos\Full-Evil-Conquest\main.cpp(293,20): warning C4244: '=': conversion from 'double' to 'int', possible loss of data
C:\Users\drago\source\repos\Full-Evil-Conquest\main.cpp(294,20): warning C4244: '=': conversion from 'double' to 'int', possible loss of data
C:\Users\drago\source\repos\Full-Evil-Conquest\main.cpp(295,22): warning C4244: '=': conversion from 'double' to 'int', possible loss of data
C:\Users\drago\source\repos\Full-Evil-Conquest\main.cpp(393,21): warning C4244: '=': conversion from 'double' to 'int', possible loss of data
C:\Users\drago\source\repos\Full-Evil-Conquest\main.cpp(404,19): warning C4244: '=': conversion from 'double' to 'int', possible loss of data
C:\Users\drago\source\repos\Full-Evil-Conquest\main.cpp(405,20): warning C4244: '=': conversion from 'double' to 'int', possible loss of data
C:\Users\drago\source\repos\Full-Evil-Conquest\main.cpp(406,20): warning C4244: '=': conversion from 'double' to 'int', possible loss of data
C:\Users\drago\source\repos\Full-Evil-Conquest\main.cpp(407,22): warning C4244: '=': conversion from 'double' to 'int', possible loss of data
C:\Users\drago\source\repos\Full-Evil-Conquest\main.cpp(505,21): warning C4244: '=': conversion from 'double' to 'int', possible loss of data
C:\Users\drago\source\repos\Full-Evil-Conquest\main.cpp(516,19): warning C4244: '=': conversion from 'double' to 'int', possible loss of data
C:\Users\drago\source\repos\Full-Evil-Conquest\main.cpp(517,20): warning C4244: '=': conversion from 'double' to 'int', possible loss of data
C:\Users\drago\source\repos\Full-Evil-Conquest\main.cpp(518,20): warning C4244: '=': conversion from 'double' to 'int', possible loss of data
C:\Users\drago\source\repos\Full-Evil-Conquest\main.cpp(519,22): warning C4244: '=': conversion from 'double' to 'int', possible loss of data
C:\Users\drago\source\repos\Full-Evil-Conquest\main.cpp(1043,33): warning C4244: '+=': conversion from 'double' to 'int', possible loss of data
C:\Users\drago\source\repos\Full-Evil-Conquest\main.cpp(1044,29): warning C4244: '+=': conversion from 'double' to 'int', possible loss of data
C:\Users\drago\source\repos\Full-Evil-Conquest\main.cpp(1047,33): warning C4244: '+=': conversion from 'double' to 'int', possible loss of data
C:\Users\drago\source\repos\Full-Evil-Conquest\main.cpp(1050,31): warning C4244: '+=': conversion from 'double' to 'int', possible loss of data
C:\Users\drago\source\repos\Full-Evil-Conquest\main.cpp(1051,29): warning C4244: '+=': conversion from 'double' to 'int', possible loss of data
C:\Users\drago\source\repos\Full-Evil-Conquest\main.cpp(1054,33): warning C4244: '+=': conversion from 'double' to 'int', possible loss of data
C:\Users\drago\source\repos\Full-Evil-Conquest\main.cpp(1055,31): warning C4244: '+=': conversion from 'double' to 'int', possible loss of data
C:\Users\drago\source\repos\Full-Evil-Conquest\main.cpp(1069,30): warning C4244: '+=': conversion from 'double' to 'int', possible loss of data
C:\Users\drago\source\repos\Full-Evil-Conquest\main.cpp(1847,33): warning C4244: '+=': conversion from 'double' to 'int', possible loss of data
C:\Users\drago\source\repos\Full-Evil-Conquest\main.cpp(1848,29): warning C4244: '+=': conversion from 'double' to 'int', possible loss of data
C:\Users\drago\source\repos\Full-Evil-Conquest\main.cpp(1851,33): warning C4244: '+=': conversion from 'double' to 'int', possible loss of data
C:\Users\drago\source\repos\Full-Evil-Conquest\main.cpp(1854,31): warning C4244: '+=': conversion from 'double' to 'int', possible loss of data
C:\Users\drago\source\repos\Full-Evil-Conquest\main.cpp(1855,29): warning C4244: '+=': conversion from 'double' to 'int', possible loss of data
C:\Users\drago\source\repos\Full-Evil-Conquest\main.cpp(1858,33): warning C4244: '+=': conversion from 'double' to 'int', possible loss of data
C:\Users\drago\source\repos\Full-Evil-Conquest\main.cpp(1859,31): warning C4244: '+=': conversion from 'double' to 'int', possible loss of data
C:\Users\drago\source\repos\Full-Evil-Conquest\main.cpp(1875,30): warning C4244: '+=': conversion from 'double' to 'int', possible loss of data
C:\Users\drago\source\repos\Full-Evil-Conquest\main.cpp(2051,24): warning C4553: '==': result of expression not used; did you intend '='?
C:\Users\drago\source\repos\Full-Evil-Conquest\main.cpp(2056,21): warning C4553: '==': result of expression not used; did you intend '='?
  Generating Code...
C:\Users\drago\source\repos\Full-Evil-Conquest\main.cpp(241): warning C4715: 'generateEnemy2': not all control paths return a value
C:\Users\drago\source\repos\Full-Evil-Conquest\main.cpp(465): warning C4715: 'generateEnemy4': not all control paths return a value
C:\Users\drago\source\repos\Full-Evil-Conquest\main.cpp(129): warning C4715: 'generateEnemy': not all control paths return a value
C:\Users\drago\source\repos\Full-Evil-Conquest\main.cpp(577): warning C4715: 'generateEnemy5': not all control paths return a value
C:\Users\drago\source\repos\Full-Evil-Conquest\main.cpp(353): warning C4715: 'generateEnemy3': not all control paths return a value
  Full-Evil-Conquest.vcxproj -> C:\Users\drago\source\repos\Full-Evil-Conquest\Debug\Full-Evil-Conquest.exe
