  main.cpp
C:\Users\drago\source\repos\Full-Evil-Conquest\Enemy.h(22,24): warning C4244: '=': conversion from 'double' to 'int', possible loss of data
  (compiling source file 'main.cpp')
  
C:\Users\drago\source\repos\Full-Evil-Conquest\Player.h(23,24): warning C4244: '=': conversion from 'double' to 'int', possible loss of data
  (compiling source file 'main.cpp')
  
C:\Users\drago\source\repos\Full-Evil-Conquest\main.cpp(10,18): warning C4244: '=': conversion from 'double' to 'int', possible loss of data
C:\Users\drago\source\repos\Full-Evil-Conquest\main.cpp(58,20): warning C4244: '=': conversion from 'double' to 'int', possible loss of data
C:\Users\drago\source\repos\Full-Evil-Conquest\main.cpp(69,18): warning C4244: '=': conversion from 'double' to 'int', possible loss of data
C:\Users\drago\source\repos\Full-Evil-Conquest\main.cpp(70,19): warning C4244: '=': conversion from 'double' to 'int', possible loss of data
C:\Users\drago\source\repos\Full-Evil-Conquest\main.cpp(71,19): warning C4244: '=': conversion from 'double' to 'int', possible loss of data
C:\Users\drago\source\repos\Full-Evil-Conquest\main.cpp(72,21): warning C4244: '=': conversion from 'double' to 'int', possible loss of data
C:\Users\drago\source\repos\Full-Evil-Conquest\main.cpp(171,21): warning C4244: '=': conversion from 'double' to 'int', possible loss of data
C:\Users\drago\source\repos\Full-Evil-Conquest\main.cpp(182,19): warning C4244: '=': conversion from 'double' to 'int', possible loss of data
C:\Users\drago\source\repos\Full-Evil-Conquest\main.cpp(183,20): warning C4244: '=': conversion from 'double' to 'int', possible loss of data
C:\Users\drago\source\repos\Full-Evil-Conquest\main.cpp(184,20): warning C4244: '=': conversion from 'double' to 'int', possible loss of data
C:\Users\drago\source\repos\Full-Evil-Conquest\main.cpp(185,22): warning C4244: '=': conversion from 'double' to 'int', possible loss of data
C:\Users\drago\source\repos\Full-Evil-Conquest\main.cpp(284,21): warning C4244: '=': conversion from 'double' to 'int', possible loss of data
C:\Users\drago\source\repos\Full-Evil-Conquest\main.cpp(295,19): warning C4244: '=': conversion from 'double' to 'int', possible loss of data
C:\Users\drago\source\repos\Full-Evil-Conquest\main.cpp(296,20): warning C4244: '=': conversion from 'double' to 'int', possible loss of data
C:\Users\drago\source\repos\Full-Evil-Conquest\main.cpp(297,20): warning C4244: '=': conversion from 'double' to 'int', possible loss of data
C:\Users\drago\source\repos\Full-Evil-Conquest\main.cpp(298,22): warning C4244: '=': conversion from 'double' to 'int', possible loss of data
C:\Users\drago\source\repos\Full-Evil-Conquest\main.cpp(397,21): warning C4244: '=': conversion from 'double' to 'int', possible loss of data
C:\Users\drago\source\repos\Full-Evil-Conquest\main.cpp(408,19): warning C4244: '=': conversion from 'double' to 'int', possible loss of data
C:\Users\drago\source\repos\Full-Evil-Conquest\main.cpp(409,20): warning C4244: '=': conversion from 'double' to 'int', possible loss of data
C:\Users\drago\source\repos\Full-Evil-Conquest\main.cpp(410,20): warning C4244: '=': conversion from 'double' to 'int', possible loss of data
C:\Users\drago\source\repos\Full-Evil-Conquest\main.cpp(411,22): warning C4244: '=': conversion from 'double' to 'int', possible loss of data
C:\Users\drago\source\repos\Full-Evil-Conquest\main.cpp(510,21): warning C4244: '=': conversion from 'double' to 'int', possible loss of data
C:\Users\drago\source\repos\Full-Evil-Conquest\main.cpp(521,19): warning C4244: '=': conversion from 'double' to 'int', possible loss of data
C:\Users\drago\source\repos\Full-Evil-Conquest\main.cpp(522,20): warning C4244: '=': conversion from 'double' to 'int', possible loss of data
C:\Users\drago\source\repos\Full-Evil-Conquest\main.cpp(523,20): warning C4244: '=': conversion from 'double' to 'int', possible loss of data
C:\Users\drago\source\repos\Full-Evil-Conquest\main.cpp(524,22): warning C4244: '=': conversion from 'double' to 'int', possible loss of data
C:\Users\drago\source\repos\Full-Evil-Conquest\main.cpp(1049,33): warning C4244: '+=': conversion from 'double' to 'int', possible loss of data
C:\Users\drago\source\repos\Full-Evil-Conquest\main.cpp(1050,29): warning C4244: '+=': conversion from 'double' to 'int', possible loss of data
C:\Users\drago\source\repos\Full-Evil-Conquest\main.cpp(1053,33): warning C4244: '+=': conversion from 'double' to 'int', possible loss of data
C:\Users\drago\source\repos\Full-Evil-Conquest\main.cpp(1056,31): warning C4244: '+=': conversion from 'double' to 'int', possible loss of data
C:\Users\drago\source\repos\Full-Evil-Conquest\main.cpp(1057,29): warning C4244: '+=': conversion from 'double' to 'int', possible loss of data
C:\Users\drago\source\repos\Full-Evil-Conquest\main.cpp(1060,33): warning C4244: '+=': conversion from 'double' to 'int', possible loss of data
C:\Users\drago\source\repos\Full-Evil-Conquest\main.cpp(1061,31): warning C4244: '+=': conversion from 'double' to 'int', possible loss of data
C:\Users\drago\source\repos\Full-Evil-Conquest\main.cpp(1075,30): warning C4244: '+=': conversion from 'double' to 'int', possible loss of data
C:\Users\drago\source\repos\Full-Evil-Conquest\main.cpp(1847,33): warning C4244: '+=': conversion from 'double' to 'int', possible loss of data
C:\Users\drago\source\repos\Full-Evil-Conquest\main.cpp(1848,29): warning C4244: '+=': conversion from 'double' to 'int', possible loss of data
C:\Users\drago\source\repos\Full-Evil-Conquest\main.cpp(1851,33): warning C4244: '+=': conversion from 'double' to 'int', possible loss of data
C:\Users\drago\source\repos\Full-Evil-Conquest\main.cpp(1854,31): warning C4244: '+=': conversion from 'double' to 'int', possible loss of data
C:\Users\drago\source\repos\Full-Evil-Conquest\main.cpp(1855,29): warning C4244: '+=': conversion from 'double' to 'int', possible loss of data
C:\Users\drago\source\repos\Full-Evil-Conquest\main.cpp(1858,33): warning C4244: '+=': conversion from 'double' to 'int', possible loss of data
C:\Users\drago\source\repos\Full-Evil-Conquest\main.cpp(1859,31): warning C4244: '+=': conversion from 'double' to 'int', possible loss of data
C:\Users\drago\source\repos\Full-Evil-Conquest\main.cpp(1875,30): warning C4244: '+=': conversion from 'double' to 'int', possible loss of data
C:\Users\drago\source\repos\Full-Evil-Conquest\main.cpp(2062,24): warning C4553: '==': result of expression not used; did you intend '='?
C:\Users\drago\source\repos\Full-Evil-Conquest\main.cpp(2067,21): warning C4553: '==': result of expression not used; did you intend '='?
  Generating code
  7 of 399 functions ( 1.8%) were compiled, the rest were copied from previous compilation.
    0 functions were new in current compilation
    6 functions had inline decision re-evaluated but remain unchanged
  Finished generating code
  Full-Evil-Conquest.vcxproj -> C:\Users\drago\source\repos\Full-Evil-Conquest\Release\Full-Evil-Conquest.exe
