  main.cpp
C:\Users\drago\source\repos\Path-to-the-Creator\Enemy.h(22,24): warning C4244: '=': conversion from 'double' to 'int', possible loss of data
  (compiling source file 'main.cpp')
  
C:\Users\drago\source\repos\Path-to-the-Creator\Player.h(23,24): warning C4244: '=': conversion from 'double' to 'int', possible loss of data
  (compiling source file 'main.cpp')
  
C:\Users\drago\source\repos\Path-to-the-Creator\main.cpp(10,18): warning C4244: '=': conversion from 'double' to 'int', possible loss of data
C:\Users\drago\source\repos\Path-to-the-Creator\main.cpp(57,20): warning C4244: '=': conversion from 'double' to 'int', possible loss of data
C:\Users\drago\source\repos\Path-to-the-Creator\main.cpp(68,18): warning C4244: '=': conversion from 'double' to 'int', possible loss of data
C:\Users\drago\source\repos\Path-to-the-Creator\main.cpp(69,19): warning C4244: '=': conversion from 'double' to 'int', possible loss of data
C:\Users\drago\source\repos\Path-to-the-Creator\main.cpp(70,19): warning C4244: '=': conversion from 'double' to 'int', possible loss of data
C:\Users\drago\source\repos\Path-to-the-Creator\main.cpp(71,21): warning C4244: '=': conversion from 'double' to 'int', possible loss of data
C:\Users\drago\source\repos\Path-to-the-Creator\main.cpp(169,21): warning C4244: '=': conversion from 'double' to 'int', possible loss of data
C:\Users\drago\source\repos\Path-to-the-Creator\main.cpp(180,19): warning C4244: '=': conversion from 'double' to 'int', possible loss of data
C:\Users\drago\source\repos\Path-to-the-Creator\main.cpp(181,20): warning C4244: '=': conversion from 'double' to 'int', possible loss of data
C:\Users\drago\source\repos\Path-to-the-Creator\main.cpp(182,20): warning C4244: '=': conversion from 'double' to 'int', possible loss of data
C:\Users\drago\source\repos\Path-to-the-Creator\main.cpp(183,22): warning C4244: '=': conversion from 'double' to 'int', possible loss of data
C:\Users\drago\source\repos\Path-to-the-Creator\main.cpp(281,21): warning C4244: '=': conversion from 'double' to 'int', possible loss of data
C:\Users\drago\source\repos\Path-to-the-Creator\main.cpp(292,19): warning C4244: '=': conversion from 'double' to 'int', possible loss of data
C:\Users\drago\source\repos\Path-to-the-Creator\main.cpp(293,20): warning C4244: '=': conversion from 'double' to 'int', possible loss of data
C:\Users\drago\source\repos\Path-to-the-Creator\main.cpp(294,20): warning C4244: '=': conversion from 'double' to 'int', possible loss of data
C:\Users\drago\source\repos\Path-to-the-Creator\main.cpp(295,22): warning C4244: '=': conversion from 'double' to 'int', possible loss of data
C:\Users\drago\source\repos\Path-to-the-Creator\main.cpp(393,21): warning C4244: '=': conversion from 'double' to 'int', possible loss of data
C:\Users\drago\source\repos\Path-to-the-Creator\main.cpp(404,19): warning C4244: '=': conversion from 'double' to 'int', possible loss of data
C:\Users\drago\source\repos\Path-to-the-Creator\main.cpp(405,20): warning C4244: '=': conversion from 'double' to 'int', possible loss of data
C:\Users\drago\source\repos\Path-to-the-Creator\main.cpp(406,20): warning C4244: '=': conversion from 'double' to 'int', possible loss of data
C:\Users\drago\source\repos\Path-to-the-Creator\main.cpp(407,22): warning C4244: '=': conversion from 'double' to 'int', possible loss of data
C:\Users\drago\source\repos\Path-to-the-Creator\main.cpp(505,21): warning C4244: '=': conversion from 'double' to 'int', possible loss of data
C:\Users\drago\source\repos\Path-to-the-Creator\main.cpp(516,19): warning C4244: '=': conversion from 'double' to 'int', possible loss of data
C:\Users\drago\source\repos\Path-to-the-Creator\main.cpp(517,20): warning C4244: '=': conversion from 'double' to 'int', possible loss of data
C:\Users\drago\source\repos\Path-to-the-Creator\main.cpp(518,20): warning C4244: '=': conversion from 'double' to 'int', possible loss of data
C:\Users\drago\source\repos\Path-to-the-Creator\main.cpp(519,22): warning C4244: '=': conversion from 'double' to 'int', possible loss of data
C:\Users\drago\source\repos\Path-to-the-Creator\main.cpp(1048,33): warning C4244: '+=': conversion from 'double' to 'int', possible loss of data
C:\Users\drago\source\repos\Path-to-the-Creator\main.cpp(1049,29): warning C4244: '+=': conversion from 'double' to 'int', possible loss of data
C:\Users\drago\source\repos\Path-to-the-Creator\main.cpp(1052,33): warning C4244: '+=': conversion from 'double' to 'int', possible loss of data
C:\Users\drago\source\repos\Path-to-the-Creator\main.cpp(1055,31): warning C4244: '+=': conversion from 'double' to 'int', possible loss of data
C:\Users\drago\source\repos\Path-to-the-Creator\main.cpp(1056,29): warning C4244: '+=': conversion from 'double' to 'int', possible loss of data
C:\Users\drago\source\repos\Path-to-the-Creator\main.cpp(1059,33): warning C4244: '+=': conversion from 'double' to 'int', possible loss of data
C:\Users\drago\source\repos\Path-to-the-Creator\main.cpp(1060,31): warning C4244: '+=': conversion from 'double' to 'int', possible loss of data
C:\Users\drago\source\repos\Path-to-the-Creator\main.cpp(1074,30): warning C4244: '+=': conversion from 'double' to 'int', possible loss of data
C:\Users\drago\source\repos\Path-to-the-Creator\main.cpp(1849,33): warning C4244: '+=': conversion from 'double' to 'int', possible loss of data
C:\Users\drago\source\repos\Path-to-the-Creator\main.cpp(1850,29): warning C4244: '+=': conversion from 'double' to 'int', possible loss of data
C:\Users\drago\source\repos\Path-to-the-Creator\main.cpp(1853,33): warning C4244: '+=': conversion from 'double' to 'int', possible loss of data
C:\Users\drago\source\repos\Path-to-the-Creator\main.cpp(1856,31): warning C4244: '+=': conversion from 'double' to 'int', possible loss of data
C:\Users\drago\source\repos\Path-to-the-Creator\main.cpp(1857,29): warning C4244: '+=': conversion from 'double' to 'int', possible loss of data
C:\Users\drago\source\repos\Path-to-the-Creator\main.cpp(1860,33): warning C4244: '+=': conversion from 'double' to 'int', possible loss of data
C:\Users\drago\source\repos\Path-to-the-Creator\main.cpp(1861,31): warning C4244: '+=': conversion from 'double' to 'int', possible loss of data
C:\Users\drago\source\repos\Path-to-the-Creator\main.cpp(1877,30): warning C4244: '+=': conversion from 'double' to 'int', possible loss of data
C:\Users\drago\source\repos\Path-to-the-Creator\main.cpp(2057,24): warning C4553: '==': result of expression not used; did you intend '='?
C:\Users\drago\source\repos\Path-to-the-Creator\main.cpp(2062,21): warning C4553: '==': result of expression not used; did you intend '='?
  Generating code
  1 of 336 functions ( 0.3%) were compiled, the rest were copied from previous compilation.
    0 functions were new in current compilation
    3 functions had inline decision re-evaluated but remain unchanged
  Finished generating code
  Full-Evil-Conquest.vcxproj -> C:\Users\drago\source\repos\Path-to-the-Creator\Release\Full-Evil-Conquest.exe
